--------- beginning of system
03-17 13:54:56.305   613  2247 W ActivityTaskManager: callingPackage for (uid=2000, pid=7855) has no WPC
03-17 13:54:56.308   613  2247 D CompatChangeReporter: Compat change id reported: 151861875; UID 10209; state: ENABLED
03-17 13:54:56.308   613  2247 W OptProp : Cannot read opt property android.window.PROPERTY_COMPAT_ALLOW_USER_ASPECT_RATIO_OVERRIDE
03-17 13:54:56.308   613  2247 W OptProp : Cannot read opt property android.window.PROPERTY_COMPAT_ALLOW_USER_ASPECT_RATIO_FULLSCREEN_OVERRIDE
03-17 13:54:56.308   613  2247 W OptProp : Cannot read opt property android.window.PROPERTY_COMPAT_ALLOW_ORIENTATION_OVERRIDE
--------- beginning of main
03-17 13:54:56.309   613  2247 V GrammaticalInflectionUtils: AttributionSource: android.content.AttributionSource@26a7667d does not have READ_SYSTEM_GRAMMATICAL_GENDER permission.
03-17 13:54:56.311   613  2247 W OptProp : Cannot read opt property android.window.PROPERTY_COMPAT_ALLOW_RESIZEABLE_ACTIVITY_OVERRIDES
03-17 13:54:56.312   613  2247 W OptProp : Cannot read opt property android.window.PROPERTY_COMPAT_ALLOW_MIN_ASPECT_RATIO_OVERRIDE
03-17 13:54:56.340  1125  1182 V WindowManagerShell: Transition requested (#32): android.os.BinderProxy@145585f TransitionRequestInfo { type = OPEN, triggerTask = TaskInfo{userId=0 taskId=8 displayId=0 isRunning=true baseIntent=Intent { act=android.intent.action.MAIN cat=[android.intent.category.LAUNCHER] flg=0x10000000 cmp=com.pmalaquias.weatherforecast/.MainActivity } baseActivity=ComponentInfo{com.pmalaquias.weatherforecast/com.pmalaquias.weatherforecast.MainActivity} topActivity=ComponentInfo{com.pmalaquias.weatherforecast/com.pmalaquias.weatherforecast.MainActivity} origActivity=null realActivity=ComponentInfo{com.pmalaquias.weatherforecast/com.pmalaquias.weatherforecast.MainActivity} numActivities=2 lastActiveTime=1392884 supportsMultiWindow=true resizeMode=1 isResizeable=true minWidth=-1 minHeight=-1 defaultMinSize=220 token=WCT{android.window.IWindowContainerToken$Stub$Proxy@3edc2ac} topActivityType=1 pictureInPictureParams=null shouldDockBigOverlays=false launchIntoPipHostTaskId=-1 lastParentTaskIdBeforePip=-1 displayCutoutSafeInsets=null topActivityInfo=ActivityInfo{a947b75 com.pmalaquias.weatherforecast.MainActivity} launchCookies=[] positionInParent=Point(0, 0) parentTaskId=-1 isFocused=true isVisible=true isVisibleRequested=true isSleeping=false locusId=null displayAreaFeatureId=1 isTopActivityTransparent=false appCompatTaskInfo=AppCompatTaskInfo { topActivityInSizeCompat=false topActivityEligibleForLetterboxEducation= falseisLetterboxEducationEnabled= true isLetterboxDoubleTapEnabled= false topActivityEligibleForUserAspectRatioButton= false topActivityBoundsLetterboxed= false isFromLetterboxDoubleTap= false topActivityLetterboxVerticalPosition= -1 topActivityLetterboxHorizontalPosition= -1 topActivityLetterboxWidth=1080 topActivityLetterboxHeight=2400 isUserFullscreenOverrideEnabled=false isSystemFullscreenOverrideEnabled=false cameraCompatTaskInfo=CameraCompatTaskInfo { cameraCompatControlState=hidden freeformCameraCompatMode=inactive}}}, pipTask = null, remoteTransition = null, displayChange = null, flags = 0, debugId = 32 }
03-17 13:54:56.341   613  2247 I ActivityTaskManager: START u0 {flg=0x10000000 cmp=com.pmalaquias.weatherforecast/.MainActivity} with LAUNCH_MULTIPLE from uid 2000 (BAL_ALLOW_PERMISSION) result code=0
03-17 13:54:56.367   463   463 I BpBinder: onLastStrongRef automatically unlinking death recipients: 
03-17 13:54:56.386   613  2247 D WifiNl80211Manager: Scan result ready event
03-17 13:54:56.387   613  2247 D WifiNative: Scan result ready event
03-17 13:54:56.397   613  1040 I HalDevMgr: bestIfaceCreationProposal is null, requestIface=STA, existingIface=[name=wlan0 type=STA]
03-17 13:54:56.405   613   633 W OptProp : Cannot read opt property android.window.PROPERTY_COMPAT_ENABLE_FAKE_FOCUS
03-17 13:54:56.414   613   640 W ProcessStats: Tracking association SourceState{caa8196 com.android.phone/1001 ImpFg #11603} whose proc state 5 is better than process ProcessState{d246cb5 com.android.carrierconfig/10171 pkg=com.android.carrierconfig} proc state 14 (3 skipped)
03-17 13:54:56.586   613  1047 W IPCThreadState: Sending oneway calls to frozen process.
03-17 13:54:56.587   613  1047 W IPCThreadState: Sending oneway calls to frozen process.
03-17 13:54:56.587   613  1047 W IPCThreadState: Sending oneway calls to frozen process.
03-17 13:54:56.587   613  1047 W IPCThreadState: Sending oneway calls to frozen process.
03-17 13:54:56.587   613  1047 W IPCThreadState: Sending oneway calls to frozen process.
03-17 13:54:56.587   613  1047 W IPCThreadState: Sending oneway calls to frozen process.
03-17 13:54:56.587   613  1047 W IPCThreadState: Sending oneway calls to frozen process.
03-17 13:54:56.587   613  1047 W IPCThreadState: Sending oneway calls to frozen process.
03-17 13:54:56.587   613  1047 W IPCThreadState: Sending oneway calls to frozen process.
03-17 13:54:56.588  4057  4102 I BugleRcsEngine: Connected state: [1], networkType: [WIFI] [CONTEXT thread_id=59 ]
03-17 13:54:56.588  4057  4119 I BugleRcsEngine: handleMessage processing message:[NOTIFY_UPTIME_IGNORE_STATE_CHANGED] with [non-null]:RcsEngineImpl reference [CONTEXT log_prefix="RcsEngineImpl[DUAL_REG]:[d924374a-91dd]>Handler" thread_id=62 ]
03-17 13:54:56.590   613  1047 W IPCThreadState: Sending oneway calls to frozen process.
03-17 13:54:56.590   613  1047 W IPCThreadState: Sending oneway calls to frozen process.
03-17 13:54:56.592   613  1047 W IPCThreadState: Sending oneway calls to frozen process.
03-17 13:54:56.592   613  1047 W IPCThreadState: Sending oneway calls to frozen process.
03-17 13:54:56.592   613  1047 W IPCThreadState: Sending oneway calls to frozen process.
03-17 13:54:56.592   613  1047 W IPCThreadState: Sending oneway calls to frozen process.
03-17 13:54:56.600  6844  7171 I NullBinder: NullBinder for android.net.action.RECOMMEND_NETWORKS triggering remote TransactionTooLargeException due to Service without Chimera impl, calling uid: 1000, calling pid: 0
03-17 13:54:56.600  6844  7171 W .gms.persistent: Large reply transaction of 1056768 bytes, interface descriptor , code 1
03-17 13:54:56.602  4057  4119 I BugleRcsEngine: No RCS Configuration was found in Bugle for simID: redacted-pii:sim_id[chars:20,last3:897] [CONTEXT log_prefix="ProvisioningEngineDataRetriever" thread_id=62 ]
03-17 13:54:56.850   613  2638 D CoreBackPreview: Window{3aa84cb u0 com.pmalaquias.weatherforecast/com.pmalaquias.weatherforecast.MainActivity}: Setting back callback OnBackInvokedCallbackInfo{mCallback=android.window.IOnBackInvokedCallback$Stub$Proxy@f505354, mPriority=0, mIsAnimationCallback=false}
03-17 13:54:57.123   613   637 I ActivityTaskManager: Displayed com.pmalaquias.weatherforecast/.MainActivity for user 0: +813ms
03-17 13:54:57.124   613   637 V WindowManager: Sent Transition (#32) createdAt=03-17 13:54:56.314 via request=TransitionRequestInfo { type = OPEN, triggerTask = TaskInfo{userId=0 taskId=8 displayId=0 isRunning=true baseIntent=Intent { act=android.intent.action.MAIN cat=[android.intent.category.LAUNCHER] flg=0x10000000 cmp=com.pmalaquias.weatherforecast/.MainActivity } baseActivity=ComponentInfo{com.pmalaquias.weatherforecast/com.pmalaquias.weatherforecast.MainActivity} topActivity=ComponentInfo{com.pmalaquias.weatherforecast/com.pmalaquias.weatherforecast.MainActivity} origActivity=null realActivity=ComponentInfo{com.pmalaquias.weatherforecast/com.pmalaquias.weatherforecast.MainActivity} numActivities=2 lastActiveTime=1392884 supportsMultiWindow=true resizeMode=1 isResizeable=true minWidth=-1 minHeight=-1 defaultMinSize=220 token=WCT{RemoteToken{fa32481 Task{8fae3a8 #8 type=standard A=10209:com.pmalaquias.weatherforecast}}} topActivityType=1 pictureInPictureParams=null shouldDockBigOverlays=false launchIntoPipHostTaskId=-1 lastParentTaskIdBeforePip=-1 displayCutoutSafeInsets=null topActivityInfo=ActivityInfo{a92b8ec com.pmalaquias.weatherforecast.MainActivity} launchCookies=[] positionInParent=Point(0, 0) parentTaskId=-1 isFocused=true isVisible=true isVisibleRequested=true isSleeping=false locusId=null displayAreaFeatureId=1 isTopActivityTransparent=false appCompatTaskInfo=AppCompatTaskInfo { topActivityInSizeCompat=false topActivityEligibleForLetterboxEducation= falseisLetterboxEducationEnabled= true isLetterboxDoubleTapEnabled= false topActivityEligibleForUserAspectRatioButton= false topActivityBoundsLetterboxed= false isFromLetterboxDoubleTap= false topActivityLetterboxVerticalPosition= -1 topActivityLetterboxHorizontalPosition= -1 topActivityLetterboxWidth=1080 topActivityLetterboxHeight=2400 isUserFullscreenOverrideEnabled=false isSystemFullscreenOverrideEnabled=false cameraCompatTaskInfo=CameraCompatTaskInfo { cameraCompatControlState=hidden freeformCameraCompatMode=inactive}}}, pipTask = null, remoteTransition = null, displayChange = null, flags = 0, debugId = 32 }
03-17 13:54:57.124   613   637 V WindowManager:     startWCT=WindowContainerTransaction { changes = {} hops = [] errorCallbackToken=null taskFragmentOrganizer=null }
03-17 13:54:57.124  1125  2421 V WindowManagerShell: onTransitionReady(transaction=2632814953246)
03-17 13:54:57.124   613   637 V WindowManager:     info={id=32 t=OPEN f=0x0 trk=0 opt={t=FROM_STYLE} r=[0@Point(0, 0)] c=[
03-17 13:54:57.124   613   637 V WindowManager:         {null m=OPEN f=FILLS_TASK leash=Surface(name=ActivityRecord{abff489 u0 com.pmalaquias.weatherforecast/.MainActivity)/@0xbc1b53e sb=Rect(0, 0 - 0, 0) eb=Rect(0, 0 - 1080, 2400) d=-1->0 r=-1->0:-1 bc=fffafafa component=com.pmalaquias.weatherforecast/.MainActivity},
03-17 13:54:57.124   613   637 V WindowManager:         {null m=TO_BACK f=FILLS_TASK leash=Surface(name=ActivityRecord{a3d5a9a u0 com.pmalaquias.weatherforecast/.MainActivity)/@0xf1211f9 sb=Rect(0, 0 - 1080, 2400) eb=Rect(0, 0 - 1080, 2400) d=0 bc=fffafafa component=com.pmalaquias.weatherforecast/.MainActivity}
03-17 13:54:57.124   613   637 V WindowManager:     ]}
03-17 13:54:57.124  1125  1182 V WindowManagerShell: onTransitionReady (#32) android.os.BinderProxy@145585f: {id=32 t=OPEN f=0x0 trk=0 opt={t=FROM_STYLE} r=[0@Point(0, 0)] c=[{null m=OPEN f=FILLS_TASK leash=Surface(name=ActivityRecord{abff489 u0 com.pmalaquias.weatherforecast/.MainActivity)/@0x54670a sb=Rect(0, 0 - 0, 0) eb=Rect(0, 0 - 1080, 2400) d=-1->0 r=-1->0:-1 bc=fffafafa component=com.pmalaquias.weatherforecast/.MainActivity},{null m=TO_BACK f=FILLS_TASK leash=Surface(name=ActivityRecord{a3d5a9a u0 com.pmalaquias.weatherforecast/.MainActivity)/@0x7111b7b sb=Rect(0, 0 - 1080, 2400) eb=Rect(0, 0 - 1080, 2400) d=0 bc=fffafafa component=com.pmalaquias.weatherforecast/.MainActivity}]}
03-17 13:54:57.125  1125  1182 V WindowManagerShell: Playing animation for (#32) android.os.BinderProxy@145585f@0
03-17 13:54:57.125  1125  1182 V WindowManagerShell:  try handler com.android.wm.shell.transition.DefaultMixedHandler@e178f4c
03-17 13:54:57.125  1125  1182 V WindowManagerShell:  try handler com.android.wm.shell.keyguard.KeyguardTransitionHandler@e795b95
03-17 13:54:57.125  1125  1182 V WindowManagerShell:  try handler com.android.wm.shell.pip.PipTransition@dd194aa
03-17 13:54:57.125  1125  1182 V WindowManagerShell:  try handler com.android.wm.shell.activityembedding.ActivityEmbeddingController@304489b
03-17 13:54:57.125  1125  1182 V WindowManagerShell:  try handler com.android.wm.shell.recents.RecentsTransitionHandler@9d45438
03-17 13:54:57.125  1125  1182 V ShellRecents: RecentsTransitionHandler.startAnimation: no controller found
03-17 13:54:57.125  1125  1182 V WindowManagerShell:  try handler com.android.wm.shell.splitscreen.StageCoordinator@c611c11
03-17 13:54:57.126  1125  1182 V WindowManagerShell:  try handler com.android.wm.shell.transition.RemoteTransitionHandler@20c5176
03-17 13:54:57.126  1125  1182 V WindowManagerShell: Transition doesn't have explicit remote, search filters for match for {id=32 t=OPEN f=0x0 trk=0 opt={t=FROM_STYLE} r=[0@Point(0, 0)] c=[{null m=OPEN f=FILLS_TASK leash=Surface(name=ActivityRecord{abff489 u0 com.pmalaquias.weatherforecast/.MainActivity)/@0x54670a sb=Rect(0, 0 - 0, 0) eb=Rect(0, 0 - 1080, 2400) d=-1->0 r=-1->0:-1 bc=fffafafa component=com.pmalaquias.weatherforecast/.MainActivity},{null m=TO_BACK f=FILLS_TASK leash=Surface(name=ActivityRecord{a3d5a9a u0 com.pmalaquias.weatherforecast/.MainActivity)/@0x7111b7b sb=Rect(0, 0 - 1080, 2400) eb=Rect(0, 0 - 1080, 2400) d=0 bc=fffafafa component=com.pmalaquias.weatherforecast/.MainActivity}]}
03-17 13:54:57.126  1125  1182 V WindowManagerShell:  Checking filter Pair{{types=[] flags=0x0] notFlags=0x0 checks=[{atype=undefined independent=true modes=[OPEN,TO_FRONT] flags=IN_TASK_WITH_EMBEDDED_ACTIVITY mustBeTask=false order=ANY topActivity=ComponentInfo{com.google.android.apps.nexuslauncher/com.google.android.apps.nexuslauncher.NexusLauncherActivity} launchCookie=null},{atype=undefined independent=true modes=[CLOSE,TO_BACK] flags=IN_TASK_WITH_EMBEDDED_ACTIVITY mustBeTask=false order=ANY topActivity=null launchCookie=null}]} RemoteTransition { remoteTransition = android.window.IRemoteTransition$Stub$Proxy@e3e59f1, appThread = android.app.IApplicationThread$Stub$Proxy@159e9d6, debugName = OverlaySwipeBack }}
03-17 13:54:57.126  1125  1182 V WindowManagerShell:  Checking filter Pair{{types=[] flags=0x0] notFlags=0x0 checks=[{atype=dream independent=true modes=[OPEN,TO_FRONT] flags=NONE mustBeTask=false order=ANY topActivity=null launchCookie=null},{atype=home independent=true modes=[CLOSE,TO_BACK] flags=NONE mustBeTask=false order=ANY topActivity=null launchCookie=null}]} RemoteTransition { remoteTransition = android.window.IRemoteTransition$Stub$Proxy@a0bf457, appThread = android.app.IApplicationThread$Stub$Proxy@dd3bb44, debugName = LauncherToDream }}
03-17 13:54:57.126  1125  1182 V WindowManagerShell:  Checking filter Pair{{types=[] flags=0x0] notFlags=0x100 checks=[{atype=home independent=true modes=[OPEN,TO_FRONT] flags=NONE mustBeTask=false order=TOP topActivity=ComponentInfo{com.google.android.apps.nexuslauncher/com.google.android.apps.nexuslauncher.NexusLauncherActivity} launchCookie=null},{atype=standard independent=true modes=[CLOSE,TO_BACK] flags=NONE mustBeTask=false order=ANY topActivity=null launchCookie=null}]} RemoteTransition { remoteTransition = android.window.IRemoteTransition$Stub$Proxy@cda42d, appThread = android.app.IApplicationThread$Stub$Proxy@762cd62, debugName = QuickstepLaunchHome }}
03-17 13:54:57.126  1125  1182 V WindowManagerShell:  Delegate animation for (#32) to null
03-17 13:54:57.126  1125  1182 V WindowManagerShell:  try handler com.android.wm.shell.transition.DefaultTransitionHandler@6c23c49
03-17 13:54:57.126  1125  1182 V WindowManagerShell: start default transition animation, info = {id=32 t=OPEN f=0x0 trk=0 opt={t=FROM_STYLE} r=[0@Point(0, 0)] c=[{null m=OPEN f=FILLS_TASK leash=Surface(name=ActivityRecord{abff489 u0 com.pmalaquias.weatherforecast/.MainActivity)/@0x54670a sb=Rect(0, 0 - 0, 0) eb=Rect(0, 0 - 1080, 2400) d=-1->0 r=-1->0:-1 bc=fffafafa component=com.pmalaquias.weatherforecast/.MainActivity},{null m=TO_BACK f=FILLS_TASK leash=Surface(name=ActivityRecord{a3d5a9a u0 com.pmalaquias.weatherforecast/.MainActivity)/@0x7111b7b sb=Rect(0, 0 - 1080, 2400) eb=Rect(0, 0 - 1080, 2400) d=0 bc=fffafafa component=com.pmalaquias.weatherforecast/.MainActivity}]}
03-17 13:54:57.130  1125  1182 V WindowManagerShell: loadAnimation: anim=android.view.animation.AnimationSet@4245dae animAttr=0x5 type=OPEN isEntrance=false
03-17 13:54:57.132   613  2103 W UserManagerService: Requested status bar icon for non-badged user 0
03-17 13:54:57.133   463   556 D PermissionCache: checking android.permission.READ_FRAME_BUFFER for uid=10181 => granted (182 us)
03-17 13:54:57.134   463   556 D PermissionCache: checking android.permission.CAPTURE_BLACKOUT_CONTENT for uid=10181 => granted (1487 us)
03-17 13:54:57.205  4380  7861 D TrafficStats: tagSocket(156) with statsTag=0xffffffff, statsUid=-1
03-17 13:54:57.261  1125  1182 V WindowManagerShell: loadAnimation: anim=android.view.animation.AnimationSet@91bd96b animAttr=0x4 type=OPEN isEntrance=true
03-17 13:54:57.303  1125  1182 V WindowManagerShell:  animated by com.android.wm.shell.transition.DefaultTransitionHandler@6c23c49
03-17 13:54:57.409   613   773 I ImeTracker: com.pmalaquias.weatherforecast:dd44fc4: onRequestHide at ORIGIN_SERVER reason HIDE_UNSPECIFIED_WINDOW fromUser false
03-17 13:54:57.409   613   773 I ImeTracker: com.pmalaquias.weatherforecast:dd44fc4: onCancelled at PHASE_SERVER_SHOULD_HIDE
03-17 13:54:57.423  5817  5817 I GoogleInputMethodService: GoogleInputMethodService.onFinishInput():3157 
03-17 13:54:57.442  5817  5817 I GoogleInputMethodService: GoogleInputMethodService.updateDeviceLockedStatus():2248 repeatCheckTimes = 0, locked = false
03-17 13:54:57.446  5817  5817 I GoogleInputMethodService: GoogleInputMethodService.onStartInput():1986 onStartInput(EditorInfo{EditorInfo{packageName=com.pmalaquias.weatherforecast, inputType=0, inputTypeString=NULL, enableLearning=false, autoCorrection=false, autoComplete=false, imeOptions=0, privateImeOptions=null, actionName=UNSPECIFIED, actionLabel=null, initialSelStart=-1, initialSelEnd=-1, initialCapsMode=0, label=null, fieldId=0, fieldName=null, extras=null, hintText=null, hintLocales=[]}}, false)
03-17 13:54:57.447  5817  5817 I GoogleInputMethodService: GoogleInputMethodService.updateDeviceLockedStatus():2248 repeatCheckTimes = 1, locked = false
03-17 13:54:57.460  5817  5817 I AndroidIME: InputBundleManager.loadActiveInputBundleId():450 loadActiveInputBundleId: und-Latn-x-password, password
03-17 13:54:57.463   613  2638 W PackageConfigPersister: App-specific configuration not found for packageName: com.pmalaquias.weatherforecast and userId: 0
03-17 13:54:57.501  4380  4380 I WeatherRepositoryImpl: API call successful for query 'Santiago Villa Mobile Home Park': Santiago Villa Mobile Home Park
03-17 13:54:57.774  1125  1182 V WindowManagerShell: Transition animation finished (aborted=false), notifying core (#32) android.os.BinderProxy@145585f@0
03-17 13:54:57.780   613   637 V WindowManager: Finish Transition (#32): created at 03-17 13:54:56.314 collect-started=0.249ms request-sent=20.237ms started=35.296ms ready=92.714ms sent=807.167ms finished=1462.211ms
03-17 13:54:57.783  4380  4380 D VRI[MainActivity]: visibilityChanged oldVisibility=true newVisibility=false
03-17 13:54:57.784  1125  1182 V WindowManagerShell: Track 0 became idle
03-17 13:54:57.784  1125  1182 V WindowManagerShell: All active transition animations finished
03-17 13:54:57.796   613  2103 W UserManagerService: Requested status bar icon for non-badged user 0
03-17 13:54:57.800   613  2103 W UserManagerService: Requested status bar icon for non-badged user 0
03-17 13:54:59.330   613  3138 E TaskPersister: File error accessing recents directory (directory doesn't exist?).
03-17 13:54:59.602   613  1047 W IPCThreadState: Sending oneway calls to frozen process.
03-17 13:54:59.603   613  1047 W IPCThreadState: Sending oneway calls to frozen process.
03-17 13:54:59.605   613  1047 W IPCThreadState: Sending oneway calls to frozen process.
03-17 13:54:59.605   613  1047 W IPCThreadState: Sending oneway calls to frozen process.
03-17 13:54:59.607   613  1047 W IPCThreadState: Sending oneway calls to frozen process.
03-17 13:54:59.607   613  1047 W IPCThreadState: Sending oneway calls to frozen process.
03-17 13:54:59.607   613  1047 W IPCThreadState: Sending oneway calls to frozen process.
03-17 13:54:59.607   613  1047 W IPCThreadState: Sending oneway calls to frozen process.
03-17 13:54:59.608   613  1047 W IPCThreadState: Sending oneway calls to frozen process.
03-17 13:54:59.608   613  1047 W IPCThreadState: Sending oneway calls to frozen process.
03-17 13:54:59.608   613  1047 W IPCThreadState: Sending oneway calls to frozen process.
03-17 13:54:59.610  4057  4102 I BugleRcsEngine: Connected state: [1], networkType: [WIFI] [CONTEXT thread_id=59 ]
03-17 13:54:59.611   613  1047 W IPCThreadState: Sending oneway calls to frozen process.
03-17 13:54:59.611   613  1047 W IPCThreadState: Sending oneway calls to frozen process.
03-17 13:54:59.612   613  1047 W IPCThreadState: Sending oneway calls to frozen process.
03-17 13:54:59.612   613  1047 W IPCThreadState: Sending oneway calls to frozen process.
03-17 13:54:59.612  4057  4119 I BugleRcsEngine: handleMessage processing message:[NOTIFY_UPTIME_IGNORE_STATE_CHANGED] with [non-null]:RcsEngineImpl reference [CONTEXT log_prefix="RcsEngineImpl[DUAL_REG]:[d924374a-91dd]>Handler" thread_id=62 ]
03-17 13:54:59.621  6844  6871 I NullBinder: NullBinder for android.net.action.RECOMMEND_NETWORKS triggering remote TransactionTooLargeException due to Service without Chimera impl, calling uid: 1000, calling pid: 0
03-17 13:54:59.621  6844  6871 W .gms.persistent: Large reply transaction of 1056768 bytes, interface descriptor , code 1
03-17 13:54:59.631  4057  4119 I BugleRcsEngine: No RCS Configuration was found in Bugle for simID: redacted-pii:sim_id[chars:20,last3:897] [CONTEXT log_prefix="ProvisioningEngineDataRetriever" thread_id=62 ]
03-17 13:54:59.671  3120  3122 I artd    : Dex parent of /data/app/~~ffda-wQEUpeYyV2rAoxU2w==/com.google.android.gms-Tw0DnobreUL2OtCM0eAdXw==/base.apk is not writable: Permission denied
03-17 13:54:59.671  3120  3122 I artd    : GetBestInfo checking odex in dalvik-cache (/data/dalvik-cache/x86_64/data@app@~~ffda-wQEUpeYyV2rAoxU2w==@com.google.android.gms-Tw0DnobreUL2OtCM0eAdXw==@base.apk@classes.dex)
03-17 13:54:59.671  3120  3122 I artd    : Loading /data/dalvik-cache/x86_64/data@app@~~ffda-wQEUpeYyV2rAoxU2w==@com.google.android.gms-Tw0DnobreUL2OtCM0eAdXw==@base.apk@classes.dex with executable: 0
03-17 13:54:59.671  3120  3122 I artd    : OatFileAssistant test for existing oat file /data/dalvik-cache/x86_64/data@app@~~ffda-wQEUpeYyV2rAoxU2w==@com.google.android.gms-Tw0DnobreUL2OtCM0eAdXw==@base.apk@classes.dex: File /data/dalvik-cache/x86_64/data@app@~~ffda-wQEUpeYyV2rAoxU2w==@com.google.android.gms-Tw0DnobreUL2OtCM0eAdXw==@base.apk@classes.vdex does not exist.
03-17 13:54:59.671  3120  3122 I artd    : GetBestInfo checking odex next to the dex file (/data/app/~~ffda-wQEUpeYyV2rAoxU2w==/com.google.android.gms-Tw0DnobreUL2OtCM0eAdXw==/oat/x86_64/base.odex)
03-17 13:54:59.671  3120  3122 I artd    : Loading /data/app/~~ffda-wQEUpeYyV2rAoxU2w==/com.google.android.gms-Tw0DnobreUL2OtCM0eAdXw==/oat/x86_64/base.odex with executable: 0
03-17 13:54:59.672  3120  3122 I artd    : Successfully loaded /data/app/~~ffda-wQEUpeYyV2rAoxU2w==/com.google.android.gms-Tw0DnobreUL2OtCM0eAdXw==/oat/x86_64/base.odex with executable: 0
03-17 13:54:59.672  3120  3122 I artd    : /data/app/~~ffda-wQEUpeYyV2rAoxU2w==/com.google.android.gms-Tw0DnobreUL2OtCM0eAdXw==/oat/x86_64/base.odex is kOatUpToDate with filter speed-profile
03-17 13:54:59.675  3120  3122 I artd    : Dex parent of /data/app/~~ffda-wQEUpeYyV2rAoxU2w==/com.google.android.gms-Tw0DnobreUL2OtCM0eAdXw==/split_AdsDynamite_installtime.apk is not writable: Permission denied
03-17 13:54:59.675  3120  3122 I artd    : GetBestInfo checking odex in dalvik-cache (/data/dalvik-cache/x86_64/data@app@~~ffda-wQEUpeYyV2rAoxU2w==@com.google.android.gms-Tw0DnobreUL2OtCM0eAdXw==@split_AdsDynamite_installtime.apk@classes.dex)
03-17 13:54:59.675  3120  3122 I artd    : Loading /data/dalvik-cache/x86_64/data@app@~~ffda-wQEUpeYyV2rAoxU2w==@com.google.android.gms-Tw0DnobreUL2OtCM0eAdXw==@split_AdsDynamite_installtime.apk@classes.dex with executable: 0
03-17 13:54:59.675  3120  3122 I artd    : OatFileAssistant test for existing oat file /data/dalvik-cache/x86_64/data@app@~~ffda-wQEUpeYyV2rAoxU2w==@com.google.android.gms-Tw0DnobreUL2OtCM0eAdXw==@split_AdsDynamite_installtime.apk@classes.dex: File /data/dalvik-cache/x86_64/data@app@~~ffda-wQEUpeYyV2rAoxU2w==@com.google.android.gms-Tw0DnobreUL2OtCM0eAdXw==@split_AdsDynamite_installtime.apk@classes.vdex does not exist.
03-17 13:54:59.675  3120  3122 I artd    : GetBestInfo checking odex next to the dex file (/data/app/~~ffda-wQEUpeYyV2rAoxU2w==/com.google.android.gms-Tw0DnobreUL2OtCM0eAdXw==/oat/x86_64/split_AdsDynamite_installtime.odex)
03-17 13:54:59.675  3120  3122 I artd    : Loading /data/app/~~ffda-wQEUpeYyV2rAoxU2w==/com.google.android.gms-Tw0DnobreUL2OtCM0eAdXw==/oat/x86_64/split_AdsDynamite_installtime.odex with executable: 0
03-17 13:54:59.675  3120  3122 I artd    : Successfully loaded /data/app/~~ffda-wQEUpeYyV2rAoxU2w==/com.google.android.gms-Tw0DnobreUL2OtCM0eAdXw==/oat/x86_64/split_AdsDynamite_installtime.odex with executable: 0
03-17 13:54:59.675  3120  3122 I artd    : /data/app/~~ffda-wQEUpeYyV2rAoxU2w==/com.google.android.gms-Tw0DnobreUL2OtCM0eAdXw==/oat/x86_64/split_AdsDynamite_installtime.odex is kOatUpToDate with filter speed
03-17 13:54:59.677  3120  3122 I artd    : Dex parent of /data/app/~~ffda-wQEUpeYyV2rAoxU2w==/com.google.android.gms-Tw0DnobreUL2OtCM0eAdXw==/split_CronetDynamite_installtime.apk is not writable: Permission denied
03-17 13:54:59.677  3120  3122 I artd    : GetBestInfo checking odex in dalvik-cache (/data/dalvik-cache/x86_64/data@app@~~ffda-wQEUpeYyV2rAoxU2w==@com.google.android.gms-Tw0DnobreUL2OtCM0eAdXw==@split_CronetDynamite_installtime.apk@classes.dex)
03-17 13:54:59.677  3120  3122 I artd    : Loading /data/dalvik-cache/x86_64/data@app@~~ffda-wQEUpeYyV2rAoxU2w==@com.google.android.gms-Tw0DnobreUL2OtCM0eAdXw==@split_CronetDynamite_installtime.apk@classes.dex with executable: 0
03-17 13:54:59.677  3120  3122 I artd    : OatFileAssistant test for existing oat file /data/dalvik-cache/x86_64/data@app@~~ffda-wQEUpeYyV2rAoxU2w==@com.google.android.gms-Tw0DnobreUL2OtCM0eAdXw==@split_CronetDynamite_installtime.apk@classes.dex: File /data/dalvik-cache/x86_64/data@app@~~ffda-wQEUpeYyV2rAoxU2w==@com.google.android.gms-Tw0DnobreUL2OtCM0eAdXw==@split_CronetDynamite_installtime.apk@classes.vdex does not exist.
03-17 13:54:59.677  3120  3122 I artd    : GetBestInfo checking odex next to the dex file (/data/app/~~ffda-wQEUpeYyV2rAoxU2w==/com.google.android.gms-Tw0DnobreUL2OtCM0eAdXw==/oat/x86_64/split_CronetDynamite_installtime.odex)
03-17 13:54:59.677  3120  3122 I artd    : Loading /data/app/~~ffda-wQEUpeYyV2rAoxU2w==/com.google.android.gms-Tw0DnobreUL2OtCM0eAdXw==/oat/x86_64/split_CronetDynamite_installtime.odex with executable: 0
03-17 13:54:59.677  3120  3122 I artd    : Successfully loaded /data/app/~~ffda-wQEUpeYyV2rAoxU2w==/com.google.android.gms-Tw0DnobreUL2OtCM0eAdXw==/oat/x86_64/split_CronetDynamite_installtime.odex with executable: 0
03-17 13:54:59.678  3120  3122 I artd    : /data/app/~~ffda-wQEUpeYyV2rAoxU2w==/com.google.android.gms-Tw0DnobreUL2OtCM0eAdXw==/oat/x86_64/split_CronetDynamite_installtime.odex is kOatUpToDate with filter speed
03-17 13:54:59.679  3120  3122 I artd    : Dex parent of /data/app/~~ffda-wQEUpeYyV2rAoxU2w==/com.google.android.gms-Tw0DnobreUL2OtCM0eAdXw==/split_DynamiteLoader_installtime.apk is not writable: Permission denied
03-17 13:54:59.679  3120  3122 I artd    : GetBestInfo checking odex in dalvik-cache (/data/dalvik-cache/x86_64/data@app@~~ffda-wQEUpeYyV2rAoxU2w==@com.google.android.gms-Tw0DnobreUL2OtCM0eAdXw==@split_DynamiteLoader_installtime.apk@classes.dex)
03-17 13:54:59.679  3120  3122 I artd    : Loading /data/dalvik-cache/x86_64/data@app@~~ffda-wQEUpeYyV2rAoxU2w==@com.google.android.gms-Tw0DnobreUL2OtCM0eAdXw==@split_DynamiteLoader_installtime.apk@classes.dex with executable: 0
03-17 13:54:59.679  3120  3122 I artd    : OatFileAssistant test for existing oat file /data/dalvik-cache/x86_64/data@app@~~ffda-wQEUpeYyV2rAoxU2w==@com.google.android.gms-Tw0DnobreUL2OtCM0eAdXw==@split_DynamiteLoader_installtime.apk@classes.dex: File /data/dalvik-cache/x86_64/data@app@~~ffda-wQEUpeYyV2rAoxU2w==@com.google.android.gms-Tw0DnobreUL2OtCM0eAdXw==@split_DynamiteLoader_installtime.apk@classes.vdex does not exist.
03-17 13:54:59.679  3120  3122 I artd    : GetBestInfo checking odex next to the dex file (/data/app/~~ffda-wQEUpeYyV2rAoxU2w==/com.google.android.gms-Tw0DnobreUL2OtCM0eAdXw==/oat/x86_64/split_DynamiteLoader_installtime.odex)
03-17 13:54:59.679  3120  3122 I artd    : Loading /data/app/~~ffda-wQEUpeYyV2rAoxU2w==/com.google.android.gms-Tw0DnobreUL2OtCM0eAdXw==/oat/x86_64/split_DynamiteLoader_installtime.odex with executable: 0
03-17 13:54:59.680  3120  3122 I artd    : Successfully loaded /data/app/~~ffda-wQEUpeYyV2rAoxU2w==/com.google.android.gms-Tw0DnobreUL2OtCM0eAdXw==/oat/x86_64/split_DynamiteLoader_installtime.odex with executable: 0
03-17 13:54:59.680  3120  3122 I artd    : /data/app/~~ffda-wQEUpeYyV2rAoxU2w==/com.google.android.gms-Tw0DnobreUL2OtCM0eAdXw==/oat/x86_64/split_DynamiteLoader_installtime.odex is kOatUpToDate with filter speed
03-17 13:54:59.681  3120  3122 I artd    : Dex parent of /data/app/~~ffda-wQEUpeYyV2rAoxU2w==/com.google.android.gms-Tw0DnobreUL2OtCM0eAdXw==/split_DynamiteModulesA_installtime.apk is not writable: Permission denied
03-17 13:54:59.681  3120  3122 I artd    : GetBestInfo checking odex in dalvik-cache (/data/dalvik-cache/x86_64/data@app@~~ffda-wQEUpeYyV2rAoxU2w==@com.google.android.gms-Tw0DnobreUL2OtCM0eAdXw==@split_DynamiteModulesA_installtime.apk@classes.dex)
03-17 13:54:59.681  3120  3122 I artd    : Loading /data/dalvik-cache/x86_64/data@app@~~ffda-wQEUpeYyV2rAoxU2w==@com.google.android.gms-Tw0DnobreUL2OtCM0eAdXw==@split_DynamiteModulesA_installtime.apk@classes.dex with executable: 0
03-17 13:54:59.681  3120  3122 I artd    : OatFileAssistant test for existing oat file /data/dalvik-cache/x86_64/data@app@~~ffda-wQEUpeYyV2rAoxU2w==@com.google.android.gms-Tw0DnobreUL2OtCM0eAdXw==@split_DynamiteModulesA_installtime.apk@classes.dex: File /data/dalvik-cache/x86_64/data@app@~~ffda-wQEUpeYyV2rAoxU2w==@com.google.android.gms-Tw0DnobreUL2OtCM0eAdXw==@split_DynamiteModulesA_installtime.apk@classes.vdex does not exist.
03-17 13:54:59.681  3120  3122 I artd    : GetBestInfo checking odex next to the dex file (/data/app/~~ffda-wQEUpeYyV2rAoxU2w==/com.google.android.gms-Tw0DnobreUL2OtCM0eAdXw==/oat/x86_64/split_DynamiteModulesA_installtime.odex)
03-17 13:54:59.681  3120  3122 I artd    : Loading /data/app/~~ffda-wQEUpeYyV2rAoxU2w==/com.google.android.gms-Tw0DnobreUL2OtCM0eAdXw==/oat/x86_64/split_DynamiteModulesA_installtime.odex with executable: 0
03-17 13:54:59.682  3120  3122 I artd    : Successfully loaded /data/app/~~ffda-wQEUpeYyV2rAoxU2w==/com.google.android.gms-Tw0DnobreUL2OtCM0eAdXw==/oat/x86_64/split_DynamiteModulesA_installtime.odex with executable: 0
03-17 13:54:59.682  3120  3122 I artd    : /data/app/~~ffda-wQEUpeYyV2rAoxU2w==/com.google.android.gms-Tw0DnobreUL2OtCM0eAdXw==/oat/x86_64/split_DynamiteModulesA_installtime.odex is kOatUpToDate with filter speed
03-17 13:54:59.683  3120  3122 I artd    : Dex parent of /data/app/~~ffda-wQEUpeYyV2rAoxU2w==/com.google.android.gms-Tw0DnobreUL2OtCM0eAdXw==/split_DynamiteModulesC_installtime.apk is not writable: Permission denied
03-17 13:54:59.683  3120  3122 I artd    : GetBestInfo checking odex in dalvik-cache (/data/dalvik-cache/x86_64/data@app@~~ffda-wQEUpeYyV2rAoxU2w==@com.google.android.gms-Tw0DnobreUL2OtCM0eAdXw==@split_DynamiteModulesC_installtime.apk@classes.dex)
03-17 13:54:59.683  3120  3122 I artd    : Loading /data/dalvik-cache/x86_64/data@app@~~ffda-wQEUpeYyV2rAoxU2w==@com.google.android.gms-Tw0DnobreUL2OtCM0eAdXw==@split_DynamiteModulesC_installtime.apk@classes.dex with executable: 0
03-17 13:54:59.683  3120  3122 I artd    : OatFileAssistant test for existing oat file /data/dalvik-cache/x86_64/data@app@~~ffda-wQEUpeYyV2rAoxU2w==@com.google.android.gms-Tw0DnobreUL2OtCM0eAdXw==@split_DynamiteModulesC_installtime.apk@classes.dex: File /data/dalvik-cache/x86_64/data@app@~~ffda-wQEUpeYyV2rAoxU2w==@com.google.android.gms-Tw0DnobreUL2OtCM0eAdXw==@split_DynamiteModulesC_installtime.apk@classes.vdex does not exist.
03-17 13:54:59.683  3120  3122 I artd    : GetBestInfo checking odex next to the dex file (/data/app/~~ffda-wQEUpeYyV2rAoxU2w==/com.google.android.gms-Tw0DnobreUL2OtCM0eAdXw==/oat/x86_64/split_DynamiteModulesC_installtime.odex)
03-17 13:54:59.683  3120  3122 I artd    : Loading /data/app/~~ffda-wQEUpeYyV2rAoxU2w==/com.google.android.gms-Tw0DnobreUL2OtCM0eAdXw==/oat/x86_64/split_DynamiteModulesC_installtime.odex with executable: 0
03-17 13:54:59.684  3120  3122 I artd    : Successfully loaded /data/app/~~ffda-wQEUpeYyV2rAoxU2w==/com.google.android.gms-Tw0DnobreUL2OtCM0eAdXw==/oat/x86_64/split_DynamiteModulesC_installtime.odex with executable: 0
03-17 13:54:59.684  3120  3122 I artd    : /data/app/~~ffda-wQEUpeYyV2rAoxU2w==/com.google.android.gms-Tw0DnobreUL2OtCM0eAdXw==/oat/x86_64/split_DynamiteModulesC_installtime.odex is kOatUpToDate with filter speed
03-17 13:54:59.685  3120  3122 I artd    : Dex parent of /data/app/~~ffda-wQEUpeYyV2rAoxU2w==/com.google.android.gms-Tw0DnobreUL2OtCM0eAdXw==/split_GoogleCertificates_installtime.apk is not writable: Permission denied
03-17 13:54:59.685  3120  3122 I artd    : GetBestInfo checking odex in dalvik-cache (/data/dalvik-cache/x86_64/data@app@~~ffda-wQEUpeYyV2rAoxU2w==@com.google.android.gms-Tw0DnobreUL2OtCM0eAdXw==@split_GoogleCertificates_installtime.apk@classes.dex)
03-17 13:54:59.685  3120  3122 I artd    : Loading /data/dalvik-cache/x86_64/data@app@~~ffda-wQEUpeYyV2rAoxU2w==@com.google.android.gms-Tw0DnobreUL2OtCM0eAdXw==@split_GoogleCertificates_installtime.apk@classes.dex with executable: 0
03-17 13:54:59.685  3120  3122 I artd    : OatFileAssistant test for existing oat file /data/dalvik-cache/x86_64/data@app@~~ffda-wQEUpeYyV2rAoxU2w==@com.google.android.gms-Tw0DnobreUL2OtCM0eAdXw==@split_GoogleCertificates_installtime.apk@classes.dex: File /data/dalvik-cache/x86_64/data@app@~~ffda-wQEUpeYyV2rAoxU2w==@com.google.android.gms-Tw0DnobreUL2OtCM0eAdXw==@split_GoogleCertificates_installtime.apk@classes.vdex does not exist.
03-17 13:54:59.685  3120  3122 I artd    : GetBestInfo checking odex next to the dex file (/data/app/~~ffda-wQEUpeYyV2rAoxU2w==/com.google.android.gms-Tw0DnobreUL2OtCM0eAdXw==/oat/x86_64/split_GoogleCertificates_installtime.odex)
03-17 13:54:59.685  3120  3122 I artd    : Loading /data/app/~~ffda-wQEUpeYyV2rAoxU2w==/com.google.android.gms-Tw0DnobreUL2OtCM0eAdXw==/oat/x86_64/split_GoogleCertificates_installtime.odex with executable: 0
03-17 13:54:59.686  3120  3122 I artd    : Successfully loaded /data/app/~~ffda-wQEUpeYyV2rAoxU2w==/com.google.android.gms-Tw0DnobreUL2OtCM0eAdXw==/oat/x86_64/split_GoogleCertificates_installtime.odex with executable: 0
03-17 13:54:59.686  3120  3122 I artd    : /data/app/~~ffda-wQEUpeYyV2rAoxU2w==/com.google.android.gms-Tw0DnobreUL2OtCM0eAdXw==/oat/x86_64/split_GoogleCertificates_installtime.odex is kOatUpToDate with filter speed
03-17 13:54:59.687  3120  3122 I artd    : Dex parent of /data/app/~~ffda-wQEUpeYyV2rAoxU2w==/com.google.android.gms-Tw0DnobreUL2OtCM0eAdXw==/split_MapsDynamite_installtime.apk is not writable: Permission denied
03-17 13:54:59.687  3120  3122 I artd    : GetBestInfo checking odex in dalvik-cache (/data/dalvik-cache/x86_64/data@app@~~ffda-wQEUpeYyV2rAoxU2w==@com.google.android.gms-Tw0DnobreUL2OtCM0eAdXw==@split_MapsDynamite_installtime.apk@classes.dex)
03-17 13:54:59.687  3120  3122 I artd    : Loading /data/dalvik-cache/x86_64/data@app@~~ffda-wQEUpeYyV2rAoxU2w==@com.google.android.gms-Tw0DnobreUL2OtCM0eAdXw==@split_MapsDynamite_installtime.apk@classes.dex with executable: 0
03-17 13:54:59.687  3120  3122 I artd    : OatFileAssistant test for existing oat file /data/dalvik-cache/x86_64/data@app@~~ffda-wQEUpeYyV2rAoxU2w==@com.google.android.gms-Tw0DnobreUL2OtCM0eAdXw==@split_MapsDynamite_installtime.apk@classes.dex: File /data/dalvik-cache/x86_64/data@app@~~ffda-wQEUpeYyV2rAoxU2w==@com.google.android.gms-Tw0DnobreUL2OtCM0eAdXw==@split_MapsDynamite_installtime.apk@classes.vdex does not exist.
03-17 13:54:59.687  3120  3122 I artd    : GetBestInfo checking odex next to the dex file (/data/app/~~ffda-wQEUpeYyV2rAoxU2w==/com.google.android.gms-Tw0DnobreUL2OtCM0eAdXw==/oat/x86_64/split_MapsDynamite_installtime.odex)
03-17 13:54:59.687  3120  3122 I artd    : Loading /data/app/~~ffda-wQEUpeYyV2rAoxU2w==/com.google.android.gms-Tw0DnobreUL2OtCM0eAdXw==/oat/x86_64/split_MapsDynamite_installtime.odex with executable: 0
03-17 13:54:59.688  3120  3122 I artd    : Successfully loaded /data/app/~~ffda-wQEUpeYyV2rAoxU2w==/com.google.android.gms-Tw0DnobreUL2OtCM0eAdXw==/oat/x86_64/split_MapsDynamite_installtime.odex with executable: 0
03-17 13:54:59.688  3120  3122 I artd    : /data/app/~~ffda-wQEUpeYyV2rAoxU2w==/com.google.android.gms-Tw0DnobreUL2OtCM0eAdXw==/oat/x86_64/split_MapsDynamite_installtime.odex is kOatUpToDate with filter speed
03-17 13:54:59.689  3120  3122 I artd    : Dex parent of /data/app/~~ffda-wQEUpeYyV2rAoxU2w==/com.google.android.gms-Tw0DnobreUL2OtCM0eAdXw==/split_MeasurementDynamite_installtime.apk is not writable: Permission denied
03-17 13:54:59.690  3120  3122 I artd    : GetBestInfo checking odex in dalvik-cache (/data/dalvik-cache/x86_64/data@app@~~ffda-wQEUpeYyV2rAoxU2w==@com.google.android.gms-Tw0DnobreUL2OtCM0eAdXw==@split_MeasurementDynamite_installtime.apk@classes.dex)
03-17 13:54:59.690  3120  3122 I artd    : Loading /data/dalvik-cache/x86_64/data@app@~~ffda-wQEUpeYyV2rAoxU2w==@com.google.android.gms-Tw0DnobreUL2OtCM0eAdXw==@split_MeasurementDynamite_installtime.apk@classes.dex with executable: 0
03-17 13:54:59.690  3120  3122 I artd    : OatFileAssistant test for existing oat file /data/dalvik-cache/x86_64/data@app@~~ffda-wQEUpeYyV2rAoxU2w==@com.google.android.gms-Tw0DnobreUL2OtCM0eAdXw==@split_MeasurementDynamite_installtime.apk@classes.dex: File /data/dalvik-cache/x86_64/data@app@~~ffda-wQEUpeYyV2rAoxU2w==@com.google.android.gms-Tw0DnobreUL2OtCM0eAdXw==@split_MeasurementDynamite_installtime.apk@classes.vdex does not exist.
03-17 13:54:59.690  3120  3122 I artd    : GetBestInfo checking odex next to the dex file (/data/app/~~ffda-wQEUpeYyV2rAoxU2w==/com.google.android.gms-Tw0DnobreUL2OtCM0eAdXw==/oat/x86_64/split_MeasurementDynamite_installtime.odex)
03-17 13:54:59.690  3120  3122 I artd    : Loading /data/app/~~ffda-wQEUpeYyV2rAoxU2w==/com.google.android.gms-Tw0DnobreUL2OtCM0eAdXw==/oat/x86_64/split_MeasurementDynamite_installtime.odex with executable: 0
03-17 13:54:59.690  3120  3122 I artd    : Successfully loaded /data/app/~~ffda-wQEUpeYyV2rAoxU2w==/com.google.android.gms-Tw0DnobreUL2OtCM0eAdXw==/oat/x86_64/split_MeasurementDynamite_installtime.odex with executable: 0
03-17 13:54:59.690  3120  3122 I artd    : /data/app/~~ffda-wQEUpeYyV2rAoxU2w==/com.google.android.gms-Tw0DnobreUL2OtCM0eAdXw==/oat/x86_64/split_MeasurementDynamite_installtime.odex is kOatUpToDate with filter speed
03-17 13:54:59.692  3120  3122 I artd    : Dex parent of /data/app/~~ffda-wQEUpeYyV2rAoxU2w==/com.google.android.gms-Tw0DnobreUL2OtCM0eAdXw==/split_all_locale_splits.apk is not writable: Permission denied
03-17 13:54:59.692  3120  3122 I artd    : GetBestInfo checking odex in dalvik-cache (/data/dalvik-cache/x86_64/data@app@~~ffda-wQEUpeYyV2rAoxU2w==@com.google.android.gms-Tw0DnobreUL2OtCM0eAdXw==@split_all_locale_splits.apk@classes.dex)
03-17 13:54:59.692  3120  3122 I artd    : Loading /data/dalvik-cache/x86_64/data@app@~~ffda-wQEUpeYyV2rAoxU2w==@com.google.android.gms-Tw0DnobreUL2OtCM0eAdXw==@split_all_locale_splits.apk@classes.dex with executable: 0
03-17 13:54:59.692  3120  3122 I artd    : OatFileAssistant test for existing oat file /data/dalvik-cache/x86_64/data@app@~~ffda-wQEUpeYyV2rAoxU2w==@com.google.android.gms-Tw0DnobreUL2OtCM0eAdXw==@split_all_locale_splits.apk@classes.dex: File /data/dalvik-cache/x86_64/data@app@~~ffda-wQEUpeYyV2rAoxU2w==@com.google.android.gms-Tw0DnobreUL2OtCM0eAdXw==@split_all_locale_splits.apk@classes.vdex does not exist.
03-17 13:54:59.692  3120  3122 I artd    : GetBestInfo checking odex next to the dex file (/data/app/~~ffda-wQEUpeYyV2rAoxU2w==/com.google.android.gms-Tw0DnobreUL2OtCM0eAdXw==/oat/x86_64/split_all_locale_splits.odex)
03-17 13:54:59.692  3120  3122 I artd    : Loading /data/app/~~ffda-wQEUpeYyV2rAoxU2w==/com.google.android.gms-Tw0DnobreUL2OtCM0eAdXw==/oat/x86_64/split_all_locale_splits.odex with executable: 0
03-17 13:54:59.692  3120  3122 I artd    : Successfully loaded /data/app/~~ffda-wQEUpeYyV2rAoxU2w==/com.google.android.gms-Tw0DnobreUL2OtCM0eAdXw==/oat/x86_64/split_all_locale_splits.odex with executable: 0
03-17 13:54:59.692  3120  3122 I artd    : /data/app/~~ffda-wQEUpeYyV2rAoxU2w==/com.google.android.gms-Tw0DnobreUL2OtCM0eAdXw==/oat/x86_64/split_all_locale_splits.odex is kOatUpToDate with filter speed
03-17 13:54:59.693  3120  3122 I artd    : Dex parent of /data/app/~~ffda-wQEUpeYyV2rAoxU2w==/com.google.android.gms-Tw0DnobreUL2OtCM0eAdXw==/split_maps_core_dynamite_ondemand.apk is not writable: Permission denied
03-17 13:54:59.694  3120  3122 I artd    : GetBestInfo checking odex in dalvik-cache (/data/dalvik-cache/x86_64/data@app@~~ffda-wQEUpeYyV2rAoxU2w==@com.google.android.gms-Tw0DnobreUL2OtCM0eAdXw==@split_maps_core_dynamite_ondemand.apk@classes.dex)
03-17 13:54:59.694  3120  3122 I artd    : Loading /data/dalvik-cache/x86_64/data@app@~~ffda-wQEUpeYyV2rAoxU2w==@com.google.android.gms-Tw0DnobreUL2OtCM0eAdXw==@split_maps_core_dynamite_ondemand.apk@classes.dex with executable: 0
03-17 13:54:59.694  3120  3122 I artd    : OatFileAssistant test for existing oat file /data/dalvik-cache/x86_64/data@app@~~ffda-wQEUpeYyV2rAoxU2w==@com.google.android.gms-Tw0DnobreUL2OtCM0eAdXw==@split_maps_core_dynamite_ondemand.apk@classes.dex: File /data/dalvik-cache/x86_64/data@app@~~ffda-wQEUpeYyV2rAoxU2w==@com.google.android.gms-Tw0DnobreUL2OtCM0eAdXw==@split_maps_core_dynamite_ondemand.apk@classes.vdex does not exist.
03-17 13:54:59.694  3120  3122 I artd    : GetBestInfo checking odex next to the dex file (/data/app/~~ffda-wQEUpeYyV2rAoxU2w==/com.google.android.gms-Tw0DnobreUL2OtCM0eAdXw==/oat/x86_64/split_maps_core_dynamite_ondemand.odex)
03-17 13:54:59.694  3120  3122 I artd    : Loading /data/app/~~ffda-wQEUpeYyV2rAoxU2w==/com.google.android.gms-Tw0DnobreUL2OtCM0eAdXw==/oat/x86_64/split_maps_core_dynamite_ondemand.odex with executable: 0
03-17 13:54:59.694  3120  3122 I artd    : OatFileAssistant test for existing oat file /data/app/~~ffda-wQEUpeYyV2rAoxU2w==/com.google.android.gms-Tw0DnobreUL2OtCM0eAdXw==/oat/x86_64/split_maps_core_dynamite_ondemand.odex: File /data/app/~~ffda-wQEUpeYyV2rAoxU2w==/com.google.android.gms-Tw0DnobreUL2OtCM0eAdXw==/oat/x86_64/split_maps_core_dynamite_ondemand.vdex does not exist.
03-17 13:54:59.694  3120  3122 I artd    : GetBestInfo checking vdex in dalvik-cache (/data/dalvik-cache/x86_64/data@app@~~ffda-wQEUpeYyV2rAoxU2w==@com.google.android.gms-Tw0DnobreUL2OtCM0eAdXw==@split_maps_core_dynamite_ondemand.apk@classes.vdex)
03-17 13:54:59.694  3120  3122 I artd    : unable to open vdex file /data/dalvik-cache/x86_64/data@app@~~ffda-wQEUpeYyV2rAoxU2w==@com.google.android.gms-Tw0DnobreUL2OtCM0eAdXw==@split_maps_core_dynamite_ondemand.apk@classes.vdex: File /data/dalvik-cache/x86_64/data@app@~~ffda-wQEUpeYyV2rAoxU2w==@com.google.android.gms-Tw0DnobreUL2OtCM0eAdXw==@split_maps_core_dynamite_ondemand.apk@classes.vdex does not exist.
03-17 13:54:59.694  3120  3122 I artd    : OatFileAssistant test for existing oat file /data/dalvik-cache/x86_64/data@app@~~ffda-wQEUpeYyV2rAoxU2w==@com.google.android.gms-Tw0DnobreUL2OtCM0eAdXw==@split_maps_core_dynamite_ondemand.apk@classes.vdex: File /data/dalvik-cache/x86_64/data@app@~~ffda-wQEUpeYyV2rAoxU2w==@com.google.android.gms-Tw0DnobreUL2OtCM0eAdXw==@split_maps_core_dynamite_ondemand.apk@classes.vdex does not exist.
03-17 13:54:59.694  3120  3122 I artd    : GetBestInfo checking vdex next to the dex file (/data/app/~~ffda-wQEUpeYyV2rAoxU2w==/com.google.android.gms-Tw0DnobreUL2OtCM0eAdXw==/oat/x86_64/split_maps_core_dynamite_ondemand.vdex)
03-17 13:54:59.694  3120  3122 I artd    : unable to open vdex file /data/app/~~ffda-wQEUpeYyV2rAoxU2w==/com.google.android.gms-Tw0DnobreUL2OtCM0eAdXw==/oat/x86_64/split_maps_core_dynamite_ondemand.vdex: File /data/app/~~ffda-wQEUpeYyV2rAoxU2w==/com.google.android.gms-Tw0DnobreUL2OtCM0eAdXw==/oat/x86_64/split_maps_core_dynamite_ondemand.vdex does not exist.
03-17 13:54:59.694  3120  3122 I artd    : OatFileAssistant test for existing oat file /data/app/~~ffda-wQEUpeYyV2rAoxU2w==/com.google.android.gms-Tw0DnobreUL2OtCM0eAdXw==/oat/x86_64/split_maps_core_dynamite_ondemand.vdex: File /data/app/~~ffda-wQEUpeYyV2rAoxU2w==/com.google.android.gms-Tw0DnobreUL2OtCM0eAdXw==/oat/x86_64/split_maps_core_dynamite_ondemand.vdex does not exist.
03-17 13:54:59.694  3120  3122 I artd    : GetBestInfo checking dm (/data/app/~~ffda-wQEUpeYyV2rAoxU2w==/com.google.android.gms-Tw0DnobreUL2OtCM0eAdXw==/split_maps_core_dynamite_ondemand.dm)
03-17 13:54:59.694  3120  3122 W ziparchive: Unable to open '/data/app/~~ffda-wQEUpeYyV2rAoxU2w==/com.google.android.gms-Tw0DnobreUL2OtCM0eAdXw==/split_maps_core_dynamite_ondemand.dm': No such file or directory
03-17 13:54:59.694  3120  3122 I artd    : OatFileAssistant test for existing oat file /data/app/~~ffda-wQEUpeYyV2rAoxU2w==/com.google.android.gms-Tw0DnobreUL2OtCM0eAdXw==/split_maps_core_dynamite_ondemand.dm: I/O error
03-17 13:54:59.694  3120  3122 I artd    : GetBestInfo checking dm (/data/app/~~ffda-wQEUpeYyV2rAoxU2w==/com.google.android.gms-Tw0DnobreUL2OtCM0eAdXw==/split_maps_core_dynamite_ondemand.dm)
03-17 13:54:59.694  3120  3122 W ziparchive: Unable to open '/data/app/~~ffda-wQEUpeYyV2rAoxU2w==/com.google.android.gms-Tw0DnobreUL2OtCM0eAdXw==/split_maps_core_dynamite_ondemand.dm': No such file or directory
03-17 13:54:59.694  3120  3122 I artd    : OatFileAssistant test for existing oat file /data/app/~~ffda-wQEUpeYyV2rAoxU2w==/com.google.android.gms-Tw0DnobreUL2OtCM0eAdXw==/split_maps_core_dynamite_ondemand.dm: I/O error
03-17 13:54:59.694  3120  3122 I artd    : GetBestInfo no usable artifacts
03-17 13:54:59.695  3120  3122 I artd    : Dex parent of /data/user_de/0/com.google.android.gms/app_chimera/m/00000013/dl-MlkitBarcodeUi.optional_260931100800.apk is not writable: Permission denied
03-17 13:54:59.695  3120  3122 I artd    : GetBestInfo checking odex in dalvik-cache (/data/dalvik-cache/x86_64/data@user_de@0@com.google.android.gms@app_chimera@m@00000013@dl-MlkitBarcodeUi.optional_260931100800.apk@classes.dex)
03-17 13:54:59.695  3120  3122 I artd    : Loading /data/dalvik-cache/x86_64/data@user_de@0@com.google.android.gms@app_chimera@m@00000013@dl-MlkitBarcodeUi.optional_260931100800.apk@classes.dex with executable: 0
03-17 13:54:59.695  3120  3122 I artd    : OatFileAssistant test for existing oat file /data/dalvik-cache/x86_64/data@user_de@0@com.google.android.gms@app_chimera@m@00000013@dl-MlkitBarcodeUi.optional_260931100800.apk@classes.dex: File /data/dalvik-cache/x86_64/data@user_de@0@com.google.android.gms@app_chimera@m@00000013@dl-MlkitBarcodeUi.optional_260931100800.apk@classes.vdex does not exist.
03-17 13:54:59.695  3120  3122 I artd    : GetBestInfo checking odex next to the dex file (/data/user_de/0/com.google.android.gms/app_chimera/m/00000013/oat/x86_64/dl-MlkitBarcodeUi.optional_260931100800.odex)
03-17 13:54:59.695  3120  3122 I artd    : Loading /data/user_de/0/com.google.android.gms/app_chimera/m/00000013/oat/x86_64/dl-MlkitBarcodeUi.optional_260931100800.odex with executable: 0
03-17 13:54:59.696  3120  3122 I artd    : OatFileAssistant test for existing oat file /data/user_de/0/com.google.android.gms/app_chimera/m/00000013/oat/x86_64/dl-MlkitBarcodeUi.optional_260931100800.odex: File /data/user_de/0/com.google.android.gms/app_chimera/m/00000013/oat/x86_64/dl-MlkitBarcodeUi.optional_260931100800.vdex does not exist.
03-17 13:54:59.696  3120  3122 I artd    : GetBestInfo checking vdex in dalvik-cache (/data/dalvik-cache/x86_64/data@user_de@0@com.google.android.gms@app_chimera@m@00000013@dl-MlkitBarcodeUi.optional_260931100800.apk@classes.vdex)
03-17 13:54:59.696  3120  3122 I artd    : unable to open vdex file /data/dalvik-cache/x86_64/data@user_de@0@com.google.android.gms@app_chimera@m@00000013@dl-MlkitBarcodeUi.optional_260931100800.apk@classes.vdex: File /data/dalvik-cache/x86_64/data@user_de@0@com.google.android.gms@app_chimera@m@00000013@dl-MlkitBarcodeUi.optional_260931100800.apk@classes.vdex does not exist.
03-17 13:54:59.696  3120  3122 I artd    : OatFileAssistant test for existing oat file /data/dalvik-cache/x86_64/data@user_de@0@com.google.android.gms@app_chimera@m@00000013@dl-MlkitBarcodeUi.optional_260931100800.apk@classes.vdex: File /data/dalvik-cache/x86_64/data@user_de@0@com.google.android.gms@app_chimera@m@00000013@dl-MlkitBarcodeUi.optional_260931100800.apk@classes.vdex does not exist.
03-17 13:54:59.696  3120  3122 I artd    : GetBestInfo checking vdex next to the dex file (/data/user_de/0/com.google.android.gms/app_chimera/m/00000013/oat/x86_64/dl-MlkitBarcodeUi.optional_260931100800.vdex)
03-17 13:54:59.696  3120  3122 I artd    : unable to open vdex file /data/user_de/0/com.google.android.gms/app_chimera/m/00000013/oat/x86_64/dl-MlkitBarcodeUi.optional_260931100800.vdex: File /data/user_de/0/com.google.android.gms/app_chimera/m/00000013/oat/x86_64/dl-MlkitBarcodeUi.optional_260931100800.vdex does not exist.
03-17 13:54:59.696  3120  3122 I artd    : OatFileAssistant test for existing oat file /data/user_de/0/com.google.android.gms/app_chimera/m/00000013/oat/x86_64/dl-MlkitBarcodeUi.optional_260931100800.vdex: File /data/user_de/0/com.google.android.gms/app_chimera/m/00000013/oat/x86_64/dl-MlkitBarcodeUi.optional_260931100800.vdex does not exist.
03-17 13:54:59.696  3120  3122 I artd    : GetBestInfo checking dm (/data/user_de/0/com.google.android.gms/app_chimera/m/00000013/dl-MlkitBarcodeUi.optional_260931100800.dm)
